
PTALI20328+Alunos@PTALI20328 MINGW64 ~
$ cd c:

PTALI20328+Alunos@PTALI20328 MINGW64 /c
$ mkdir "Bootstrap"

PTALI20328+Alunos@PTALI20328 MINGW64 /c
$ cd Bootstrap

PTALI20328+Alunos@PTALI20328 MINGW64 /c/Bootstrap
$ git init
Initialized empty Git repository in C:/Bootstrap/.git/

PTALI20328+Alunos@PTALI20328 MINGW64 /c/Bootstrap (master)
$ git remote add origin https://github.com/dricasampaio/Bootstrap.git

PTALI20328+Alunos@PTALI20328 MINGW64 /c/Bootstrap (master)
$ git commit -m "Meu primeiro bootstrap"
On branch master

Initial commit

Untracked files:
        aulas.jpg
        bg-showcase-1.jpg
        index.css
        index.html

nothing added to commit but untracked files present

PTALI20328+Alunos@PTALI20328 MINGW64 /c/Bootstrap (master)
$ git add .

PTALI20328+Alunos@PTALI20328 MINGW64 /c/Bootstrap (master)
$ ^C

PTALI20328+Alunos@PTALI20328 MINGW64 /c/Bootstrap (master)
$ ^C

PTALI20328+Alunos@PTALI20328 MINGW64 /c/Bootstrap (master)
$ $ git commit -m "Meu primeiro bootstrap"
bash: $: command not found

PTALI20328+Alunos@PTALI20328 MINGW64 /c/Bootstrap (master)
$ git commit -m "Meu primeiro Bootstrap"
[master (root-commit) 667d017] Meu primeiro Bootstrap
 Committer: Alunos <Alunos@PTALI20328.animaedu.intranet>
Your name and email address were configured automatically based
on your username and hostname. Please check that they are accurate.
You can suppress this message by setting them explicitly. Run the
following command and follow the instructions in your editor to edit
your configuration file:

    git config --global --edit

After doing this, you may fix the identity used for this commit with:

    git commit --amend --reset-author

 4 files changed, 124 insertions(+)
 create mode 100644 aulas.jpg
 create mode 100644 bg-showcase-1.jpg
 create mode 100644 index.css
 create mode 100644 index.html

PTALI20328+Alunos@PTALI20328 MINGW64 /c/Bootstrap (master)
$ git push
fatal: The current branch master has no upstream branch.
To push the current branch and set the remote as upstream, use

    git push --set-upstream origin master


PTALI20328+Alunos@PTALI20328 MINGW64 /c/Bootstrap (master)
$     git push --set-upstream origin master

Enumerating objects: 6, done.
Counting objects: 100% (6/6), done.
Delta compression using up to 4 threads
Compressing objects: 100% (6/6), done.
Writing objects: 100% (6/6), 376.08 KiB | 23.50 MiB/s, done.
Total 6 (delta 0), reused 0 (delta 0)
remote:
remote: Create a pull request for 'master' on GitHub by visiting:
remote:      https://github.com/dricasampaio/Bootstrap/pull/new/master
remote:
To https://github.com/dricasampaio/Bootstrap.git
 * [new branch]      master -> master
Branch 'master' set up to track remote branch 'master' from 'origin'.

PTALI20328+Alunos@PTALI20328 MINGW64 /c/Bootstrap (master)
$

PTALI20328+Alunos@PTALI20328 MINGW64 /c/Bootstrap (master)
$
